AR hien_thi_led behavior C:/Users/HongPhuc/Desktop/FPGA/src/bai2/hien_thi_led.vhd sub00/vhpl01 1419607664
EN bodem NULL C:/Users/HongPhuc/Desktop/FPGA/src/bai2/bodem.vhd sub00/vhpl02 1419607665
EN hien_thi_led NULL C:/Users/HongPhuc/Desktop/FPGA/src/bai2/hien_thi_led.vhd sub00/vhpl00 1419607663
AR bodem behavior C:/Users/HongPhuc/Desktop/FPGA/src/bai2/bodem.vhd sub00/vhpl03 1419607666
