V3 7
FL C:/Users/HongPhuc/Desktop/FPGA/src/bai2/bodem.vhd 2014/12/26.22:25:30 K.31
EN work/bodem 1419607665 FL C:/Users/HongPhuc/Desktop/FPGA/src/bai2/bodem.vhd \
      PB ieee/std_logic_1164 1200023565 PB ieee/std_logic_arith 1200023566 \
      PB ieee/STD_LOGIC_UNSIGNED 1200023567
AR work/bodem/behavior 1419607666 \
      FL C:/Users/HongPhuc/Desktop/FPGA/src/bai2/bodem.vhd EN work/bodem 1419607665 \
      CP hien_thi_led
FL C:/Users/HongPhuc/Desktop/FPGA/src/bai2/hien_thi_led.vhd 2014/12/26.22:07:52 K.31
EN work/hien_thi_led 1419607663 \
      FL C:/Users/HongPhuc/Desktop/FPGA/src/bai2/hien_thi_led.vhd \
      PB ieee/std_logic_1164 1200023565 PB ieee/std_logic_arith 1200023566 \
      PB ieee/STD_LOGIC_UNSIGNED 1200023567
AR work/hien_thi_led/behavior 1419607664 \
      FL C:/Users/HongPhuc/Desktop/FPGA/src/bai2/hien_thi_led.vhd \
      EN work/hien_thi_led 1419607663
